Traceback (most recent call last):
  File "/Users/hk3812/Projects/Fairmast_Metadb/Docs_Branch/fair-mast/.docs-venv/lib/python3.12/site-packages/jupyter_core/utils/__init__.py", line 154, in wrapped
    asyncio.get_running_loop()
RuntimeError: no running event loop

During handling of the above exception, another exception occurred:

Traceback (most recent call last):
  File "/Users/hk3812/Projects/Fairmast_Metadb/Docs_Branch/fair-mast/.docs-venv/lib/python3.12/site-packages/jupyter_cache/executors/utils.py", line 58, in single_nb_execution
    executenb(
  File "/Users/hk3812/Projects/Fairmast_Metadb/Docs_Branch/fair-mast/.docs-venv/lib/python3.12/site-packages/nbclient/client.py", line 1319, in execute
    return NotebookClient(nb=nb, resources=resources, km=km, **kwargs).execute()
           ^^^^^^^^^^^^^^^^^^^^^^^^^^^^^^^^^^^^^^^^^^^^^^^^^^^^^^^^^^^^^^^^^^^^^
  File "/Users/hk3812/Projects/Fairmast_Metadb/Docs_Branch/fair-mast/.docs-venv/lib/python3.12/site-packages/jupyter_core/utils/__init__.py", line 158, in wrapped
    return loop.run_until_complete(inner)
           ^^^^^^^^^^^^^^^^^^^^^^^^^^^^^^
  File "/Users/hk3812/.local/share/uv/python/cpython-3.12.13-macos-aarch64-none/lib/python3.12/asyncio/base_events.py", line 691, in run_until_complete
    return future.result()
           ^^^^^^^^^^^^^^^
  File "/Users/hk3812/Projects/Fairmast_Metadb/Docs_Branch/fair-mast/.docs-venv/lib/python3.12/site-packages/nbclient/client.py", line 709, in async_execute
    await self.async_execute_cell(
  File "/Users/hk3812/Projects/Fairmast_Metadb/Docs_Branch/fair-mast/.docs-venv/lib/python3.12/site-packages/nbclient/client.py", line 1062, in async_execute_cell
    await self._check_raise_for_error(cell, cell_index, exec_reply)
  File "/Users/hk3812/Projects/Fairmast_Metadb/Docs_Branch/fair-mast/.docs-venv/lib/python3.12/site-packages/nbclient/client.py", line 918, in _check_raise_for_error
    raise CellExecutionError.from_cell_and_msg(cell, exec_reply_content)
nbclient.exceptions.CellExecutionError: An error occurred while executing the following cell:
------------------
shots_df = pd.read_parquet(f'{URL}/parquet/level2/shots')
shots_df
------------------


[31m---------------------------------------------------------------------------[39m
[31mConnectionResetError[39m                      Traceback (most recent call last)
[36mFile [39m[32m~/.local/share/uv/python/cpython-3.12.13-macos-aarch64-none/lib/python3.12/urllib/request.py:1344[39m, in [36mAbstractHTTPHandler.do_open[39m[34m(self, http_class, req, **http_conn_args)[39m
[32m   1343[39m [38;5;28;01mtry[39;00m:
[32m-> [39m[32m1344[39m     [43mh[49m[43m.[49m[43mrequest[49m[43m([49m[43mreq[49m[43m.[49m[43mget_method[49m[43m([49m[43m)[49m[43m,[49m[43m [49m[43mreq[49m[43m.[49m[43mselector[49m[43m,[49m[43m [49m[43mreq[49m[43m.[49m[43mdata[49m[43m,[49m[43m [49m[43mheaders[49m[43m,[49m
[32m   1345[39m [43m              [49m[43mencode_chunked[49m[43m=[49m[43mreq[49m[43m.[49m[43mhas_header[49m[43m([49m[33;43m'[39;49m[33;43mTransfer-encoding[39;49m[33;43m'[39;49m[43m)[49m[43m)[49m
[32m   1346[39m [38;5;28;01mexcept[39;00m [38;5;167;01mOSError[39;00m [38;5;28;01mas[39;00m err: [38;5;66;03m# timeout error[39;00m

[36mFile [39m[32m~/.local/share/uv/python/cpython-3.12.13-macos-aarch64-none/lib/python3.12/http/client.py:1358[39m, in [36mHTTPConnection.request[39m[34m(self, method, url, body, headers, encode_chunked)[39m
[32m   1357[39m [38;5;250m[39m[33;03m"""Send a complete request to the server."""[39;00m
[32m-> [39m[32m1358[39m [38;5;28;43mself[39;49m[43m.[49m[43m_send_request[49m[43m([49m[43mmethod[49m[43m,[49m[43m [49m[43murl[49m[43m,[49m[43m [49m[43mbody[49m[43m,[49m[43m [49m[43mheaders[49m[43m,[49m[43m [49m[43mencode_chunked[49m[43m)[49m

[36mFile [39m[32m~/.local/share/uv/python/cpython-3.12.13-macos-aarch64-none/lib/python3.12/http/client.py:1404[39m, in [36mHTTPConnection._send_request[39m[34m(self, method, url, body, headers, encode_chunked)[39m
[32m   1403[39m     body = _encode(body, [33m'[39m[33mbody[39m[33m'[39m)
[32m-> [39m[32m1404[39m [38;5;28;43mself[39;49m[43m.[49m[43mendheaders[49m[43m([49m[43mbody[49m[43m,[49m[43m [49m[43mencode_chunked[49m[43m=[49m[43mencode_chunked[49m[43m)[49m

[36mFile [39m[32m~/.local/share/uv/python/cpython-3.12.13-macos-aarch64-none/lib/python3.12/http/client.py:1353[39m, in [36mHTTPConnection.endheaders[39m[34m(self, message_body, encode_chunked)[39m
[32m   1352[39m     [38;5;28;01mraise[39;00m CannotSendHeader()
[32m-> [39m[32m1353[39m [38;5;28;43mself[39;49m[43m.[49m[43m_send_output[49m[43m([49m[43mmessage_body[49m[43m,[49m[43m [49m[43mencode_chunked[49m[43m=[49m[43mencode_chunked[49m[43m)[49m

[36mFile [39m[32m~/.local/share/uv/python/cpython-3.12.13-macos-aarch64-none/lib/python3.12/http/client.py:1113[39m, in [36mHTTPConnection._send_output[39m[34m(self, message_body, encode_chunked)[39m
[32m   1112[39m [38;5;28;01mdel[39;00m [38;5;28mself[39m._buffer[:]
[32m-> [39m[32m1113[39m [38;5;28;43mself[39;49m[43m.[49m[43msend[49m[43m([49m[43mmsg[49m[43m)[49m
[32m   1115[39m [38;5;28;01mif[39;00m message_body [38;5;129;01mis[39;00m [38;5;129;01mnot[39;00m [38;5;28;01mNone[39;00m:
[32m   1116[39m 
[32m   1117[39m     [38;5;66;03m# create a consistent interface to message_body[39;00m

[36mFile [39m[32m~/.local/share/uv/python/cpython-3.12.13-macos-aarch64-none/lib/python3.12/http/client.py:1057[39m, in [36mHTTPConnection.send[39m[34m(self, data)[39m
[32m   1056[39m [38;5;28;01mif[39;00m [38;5;28mself[39m.auto_open:
[32m-> [39m[32m1057[39m     [38;5;28;43mself[39;49m[43m.[49m[43mconnect[49m[43m([49m[43m)[49m
[32m   1058[39m [38;5;28;01melse[39;00m:

[36mFile [39m[32m~/.local/share/uv/python/cpython-3.12.13-macos-aarch64-none/lib/python3.12/http/client.py:1499[39m, in [36mHTTPSConnection.connect[39m[34m(self)[39m
[32m   1497[39m     server_hostname = [38;5;28mself[39m.host
[32m-> [39m[32m1499[39m [38;5;28mself[39m.sock = [38;5;28;43mself[39;49m[43m.[49m[43m_context[49m[43m.[49m[43mwrap_socket[49m[43m([49m[38;5;28;43mself[39;49m[43m.[49m[43msock[49m[43m,[49m
[32m   1500[39m [43m                                      [49m[43mserver_hostname[49m[43m=[49m[43mserver_hostname[49m[43m)[49m

[36mFile [39m[32m~/.local/share/uv/python/cpython-3.12.13-macos-aarch64-none/lib/python3.12/ssl.py:457[39m, in [36mSSLContext.wrap_socket[39m[34m(self, sock, server_side, do_handshake_on_connect, suppress_ragged_eofs, server_hostname, session)[39m
[32m    451[39m [38;5;28;01mdef[39;00m[38;5;250m [39m[34mwrap_socket[39m([38;5;28mself[39m, sock, server_side=[38;5;28;01mFalse[39;00m,
[32m    452[39m                 do_handshake_on_connect=[38;5;28;01mTrue[39;00m,
[32m    453[39m                 suppress_ragged_eofs=[38;5;28;01mTrue[39;00m,
[32m    454[39m                 server_hostname=[38;5;28;01mNone[39;00m, session=[38;5;28;01mNone[39;00m):
[32m    455[39m     [38;5;66;03m# SSLSocket class handles server_hostname encoding before it calls[39;00m
[32m    456[39m     [38;5;66;03m# ctx._wrap_socket()[39;00m
[32m--> [39m[32m457[39m     [38;5;28;01mreturn[39;00m [38;5;28;43mself[39;49m[43m.[49m[43msslsocket_class[49m[43m.[49m[43m_create[49m[43m([49m
[32m    458[39m [43m        [49m[43msock[49m[43m=[49m[43msock[49m[43m,[49m
[32m    459[39m [43m        [49m[43mserver_side[49m[43m=[49m[43mserver_side[49m[43m,[49m
[32m    460[39m [43m        [49m[43mdo_handshake_on_connect[49m[43m=[49m[43mdo_handshake_on_connect[49m[43m,[49m
[32m    461[39m [43m        [49m[43msuppress_ragged_eofs[49m[43m=[49m[43msuppress_ragged_eofs[49m[43m,[49m
[32m    462[39m [43m        [49m[43mserver_hostname[49m[43m=[49m[43mserver_hostname[49m[43m,[49m
[32m    463[39m [43m        [49m[43mcontext[49m[43m=[49m[38;5;28;43mself[39;49m[43m,[49m
[32m    464[39m [43m        [49m[43msession[49m[43m=[49m[43msession[49m
[32m    465[39m [43m    [49m[43m)[49m

[36mFile [39m[32m~/.local/share/uv/python/cpython-3.12.13-macos-aarch64-none/lib/python3.12/ssl.py:1053[39m, in [36mSSLSocket._create[39m[34m(cls, sock, server_side, do_handshake_on_connect, suppress_ragged_eofs, server_hostname, context, session)[39m
[32m   1052[39m                 [38;5;28;01mraise[39;00m [38;5;167;01mValueError[39;00m([33m"[39m[33mdo_handshake_on_connect should not be specified for non-blocking sockets[39m[33m"[39m)
[32m-> [39m[32m1053[39m             [38;5;28;43mself[39;49m[43m.[49m[43mdo_handshake[49m[43m([49m[43m)[49m
[32m   1054[39m [38;5;28;01mexcept[39;00m:

[36mFile [39m[32m~/.local/share/uv/python/cpython-3.12.13-macos-aarch64-none/lib/python3.12/ssl.py:1331[39m, in [36mSSLSocket.do_handshake[39m[34m(self, block)[39m
[32m   1330[39m         [38;5;28mself[39m.settimeout([38;5;28;01mNone[39;00m)
[32m-> [39m[32m1331[39m     [38;5;28;43mself[39;49m[43m.[49m[43m_sslobj[49m[43m.[49m[43mdo_handshake[49m[43m([49m[43m)[49m
[32m   1332[39m [38;5;28;01mfinally[39;00m:

[31mConnectionResetError[39m: [Errno 54] Connection reset by peer

During handling of the above exception, another exception occurred:

[31mURLError[39m                                  Traceback (most recent call last)
[36mCell[39m[36m [39m[32mIn[3][39m[32m, line 1[39m
[32m----> [39m[32m1[39m shots_df = [43mpd[49m[43m.[49m[43mread_parquet[49m[43m([49m[33;43mf[39;49m[33;43m'[39;49m[38;5;132;43;01m{[39;49;00m[43mURL[49m[38;5;132;43;01m}[39;49;00m[33;43m/parquet/level2/shots[39;49m[33;43m'[39;49m[43m)[49m
[32m      2[39m shots_df

[36mFile [39m[32m~/Projects/Fairmast_Metadb/Docs_Branch/fair-mast/.docs-venv/lib/python3.12/site-packages/pandas/io/parquet.py:669[39m, in [36mread_parquet[39m[34m(path, engine, columns, storage_options, use_nullable_dtypes, dtype_backend, filesystem, filters, **kwargs)[39m
[32m    666[39m     use_nullable_dtypes = [38;5;28;01mFalse[39;00m
[32m    667[39m check_dtype_backend(dtype_backend)
[32m--> [39m[32m669[39m [38;5;28;01mreturn[39;00m [43mimpl[49m[43m.[49m[43mread[49m[43m([49m
[32m    670[39m [43m    [49m[43mpath[49m[43m,[49m
[32m    671[39m [43m    [49m[43mcolumns[49m[43m=[49m[43mcolumns[49m[43m,[49m
[32m    672[39m [43m    [49m[43mfilters[49m[43m=[49m[43mfilters[49m[43m,[49m
[32m    673[39m [43m    [49m[43mstorage_options[49m[43m=[49m[43mstorage_options[49m[43m,[49m
[32m    674[39m [43m    [49m[43muse_nullable_dtypes[49m[43m=[49m[43muse_nullable_dtypes[49m[43m,[49m
[32m    675[39m [43m    [49m[43mdtype_backend[49m[43m=[49m[43mdtype_backend[49m[43m,[49m
[32m    676[39m [43m    [49m[43mfilesystem[49m[43m=[49m[43mfilesystem[49m[43m,[49m
[32m    677[39m [43m    [49m[43m*[49m[43m*[49m[43mkwargs[49m[43m,[49m
[32m    678[39m [43m[49m[43m)[49m

[36mFile [39m[32m~/Projects/Fairmast_Metadb/Docs_Branch/fair-mast/.docs-venv/lib/python3.12/site-packages/pandas/io/parquet.py:258[39m, in [36mPyArrowImpl.read[39m[34m(self, path, columns, filters, use_nullable_dtypes, dtype_backend, storage_options, filesystem, **kwargs)[39m
[32m    256[39m [38;5;28;01mif[39;00m manager == [33m"[39m[33marray[39m[33m"[39m:
[32m    257[39m     to_pandas_kwargs[[33m"[39m[33msplit_blocks[39m[33m"[39m] = [38;5;28;01mTrue[39;00m
[32m--> [39m[32m258[39m path_or_handle, handles, filesystem = [43m_get_path_or_handle[49m[43m([49m
[32m    259[39m [43m    [49m[43mpath[49m[43m,[49m
[32m    260[39m [43m    [49m[43mfilesystem[49m[43m,[49m
[32m    261[39m [43m    [49m[43mstorage_options[49m[43m=[49m[43mstorage_options[49m[43m,[49m
[32m    262[39m [43m    [49m[43mmode[49m[43m=[49m[33;43m"[39;49m[33;43mrb[39;49m[33;43m"[39;49m[43m,[49m
[32m    263[39m [43m[49m[43m)[49m
[32m    264[39m [38;5;28;01mtry[39;00m:
[32m    265[39m     pa_table = [38;5;28mself[39m.api.parquet.read_table(
[32m    266[39m         path_or_handle,
[32m    267[39m         columns=columns,
[32m   (...)[39m[32m    270[39m         **kwargs,
[32m    271[39m     )

[36mFile [39m[32m~/Projects/Fairmast_Metadb/Docs_Branch/fair-mast/.docs-venv/lib/python3.12/site-packages/pandas/io/parquet.py:141[39m, in [36m_get_path_or_handle[39m[34m(path, fs, storage_options, mode, is_dir)[39m
[32m    131[39m handles = [38;5;28;01mNone[39;00m
[32m    132[39m [38;5;28;01mif[39;00m (
[32m    133[39m     [38;5;129;01mnot[39;00m fs
[32m    134[39m     [38;5;129;01mand[39;00m [38;5;129;01mnot[39;00m is_dir
[32m   (...)[39m[32m    139[39m     [38;5;66;03m# fsspec resources can also point to directories[39;00m
[32m    140[39m     [38;5;66;03m# this branch is used for example when reading from non-fsspec URLs[39;00m
[32m--> [39m[32m141[39m     handles = [43mget_handle[49m[43m([49m
[32m    142[39m [43m        [49m[43mpath_or_handle[49m[43m,[49m[43m [49m[43mmode[49m[43m,[49m[43m [49m[43mis_text[49m[43m=[49m[38;5;28;43;01mFalse[39;49;00m[43m,[49m[43m [49m[43mstorage_options[49m[43m=[49m[43mstorage_options[49m
[32m    143[39m [43m    [49m[43m)[49m
[32m    144[39m     fs = [38;5;28;01mNone[39;00m
[32m    145[39m     path_or_handle = handles.handle

[36mFile [39m[32m~/Projects/Fairmast_Metadb/Docs_Branch/fair-mast/.docs-venv/lib/python3.12/site-packages/pandas/io/common.py:728[39m, in [36mget_handle[39m[34m(path_or_buf, mode, encoding, compression, memory_map, is_text, errors, storage_options)[39m
[32m    725[39m     codecs.lookup_error(errors)
[32m    727[39m [38;5;66;03m# open URLs[39;00m
[32m--> [39m[32m728[39m ioargs = [43m_get_filepath_or_buffer[49m[43m([49m
[32m    729[39m [43m    [49m[43mpath_or_buf[49m[43m,[49m
[32m    730[39m [43m    [49m[43mencoding[49m[43m=[49m[43mencoding[49m[43m,[49m
[32m    731[39m [43m    [49m[43mcompression[49m[43m=[49m[43mcompression[49m[43m,[49m
[32m    732[39m [43m    [49m[43mmode[49m[43m=[49m[43mmode[49m[43m,[49m
[32m    733[39m [43m    [49m[43mstorage_options[49m[43m=[49m[43mstorage_options[49m[43m,[49m
[32m    734[39m [43m[49m[43m)[49m
[32m    736[39m handle = ioargs.filepath_or_buffer
[32m    737[39m handles: [38;5;28mlist[39m[BaseBuffer]

[36mFile [39m[32m~/Projects/Fairmast_Metadb/Docs_Branch/fair-mast/.docs-venv/lib/python3.12/site-packages/pandas/io/common.py:384[39m, in [36m_get_filepath_or_buffer[39m[34m(filepath_or_buffer, encoding, compression, mode, storage_options)[39m
[32m    382[39m [38;5;66;03m# assuming storage_options is to be interpreted as headers[39;00m
[32m    383[39m req_info = urllib.request.Request(filepath_or_buffer, headers=storage_options)
[32m--> [39m[32m384[39m [38;5;28;01mwith[39;00m [43murlopen[49m[43m([49m[43mreq_info[49m[43m)[49m [38;5;28;01mas[39;00m req:
[32m    385[39m     content_encoding = req.headers.get([33m"[39m[33mContent-Encoding[39m[33m"[39m, [38;5;28;01mNone[39;00m)
[32m    386[39m     [38;5;28;01mif[39;00m content_encoding == [33m"[39m[33mgzip[39m[33m"[39m:
[32m    387[39m         [38;5;66;03m# Override compression based on Content-Encoding header[39;00m

[36mFile [39m[32m~/Projects/Fairmast_Metadb/Docs_Branch/fair-mast/.docs-venv/lib/python3.12/site-packages/pandas/io/common.py:289[39m, in [36murlopen[39m[34m(*args, **kwargs)[39m
[32m    283[39m [38;5;250m[39m[33;03m"""[39;00m
[32m    284[39m [33;03mLazy-import wrapper for stdlib urlopen, as that imports a big chunk of[39;00m
[32m    285[39m [33;03mthe stdlib.[39;00m
[32m    286[39m [33;03m"""[39;00m
[32m    287[39m [38;5;28;01mimport[39;00m[38;5;250m [39m[34;01murllib[39;00m[34;01m.[39;00m[34;01mrequest[39;00m
[32m--> [39m[32m289[39m [38;5;28;01mreturn[39;00m [43murllib[49m[43m.[49m[43mrequest[49m[43m.[49m[43murlopen[49m[43m([49m[43m*[49m[43margs[49m[43m,[49m[43m [49m[43m*[49m[43m*[49m[43mkwargs[49m[43m)[49m

[36mFile [39m[32m~/.local/share/uv/python/cpython-3.12.13-macos-aarch64-none/lib/python3.12/urllib/request.py:215[39m, in [36murlopen[39m[34m(url, data, timeout, cafile, capath, cadefault, context)[39m
[32m    213[39m [38;5;28;01melse[39;00m:
[32m    214[39m     opener = _opener
[32m--> [39m[32m215[39m [38;5;28;01mreturn[39;00m [43mopener[49m[43m.[49m[43mopen[49m[43m([49m[43murl[49m[43m,[49m[43m [49m[43mdata[49m[43m,[49m[43m [49m[43mtimeout[49m[43m)[49m

[36mFile [39m[32m~/.local/share/uv/python/cpython-3.12.13-macos-aarch64-none/lib/python3.12/urllib/request.py:515[39m, in [36mOpenerDirector.open[39m[34m(self, fullurl, data, timeout)[39m
[32m    512[39m     req = meth(req)
[32m    514[39m sys.audit([33m'[39m[33murllib.Request[39m[33m'[39m, req.full_url, req.data, req.headers, req.get_method())
[32m--> [39m[32m515[39m response = [38;5;28;43mself[39;49m[43m.[49m[43m_open[49m[43m([49m[43mreq[49m[43m,[49m[43m [49m[43mdata[49m[43m)[49m
[32m    517[39m [38;5;66;03m# post-process response[39;00m
[32m    518[39m meth_name = protocol+[33m"[39m[33m_response[39m[33m"[39m

[36mFile [39m[32m~/.local/share/uv/python/cpython-3.12.13-macos-aarch64-none/lib/python3.12/urllib/request.py:532[39m, in [36mOpenerDirector._open[39m[34m(self, req, data)[39m
[32m    529[39m     [38;5;28;01mreturn[39;00m result
[32m    531[39m protocol = req.type
[32m--> [39m[32m532[39m result = [38;5;28;43mself[39;49m[43m.[49m[43m_call_chain[49m[43m([49m[38;5;28;43mself[39;49m[43m.[49m[43mhandle_open[49m[43m,[49m[43m [49m[43mprotocol[49m[43m,[49m[43m [49m[43mprotocol[49m[43m [49m[43m+[49m
[32m    533[39m [43m                          [49m[33;43m'[39;49m[33;43m_open[39;49m[33;43m'[39;49m[43m,[49m[43m [49m[43mreq[49m[43m)[49m
[32m    534[39m [38;5;28;01mif[39;00m result:
[32m    535[39m     [38;5;28;01mreturn[39;00m result

[36mFile [39m[32m~/.local/share/uv/python/cpython-3.12.13-macos-aarch64-none/lib/python3.12/urllib/request.py:492[39m, in [36mOpenerDirector._call_chain[39m[34m(self, chain, kind, meth_name, *args)[39m
[32m    490[39m [38;5;28;01mfor[39;00m handler [38;5;129;01min[39;00m handlers:
[32m    491[39m     func = [38;5;28mgetattr[39m(handler, meth_name)
[32m--> [39m[32m492[39m     result = [43mfunc[49m[43m([49m[43m*[49m[43margs[49m[43m)[49m
[32m    493[39m     [38;5;28;01mif[39;00m result [38;5;129;01mis[39;00m [38;5;129;01mnot[39;00m [38;5;28;01mNone[39;00m:
[32m    494[39m         [38;5;28;01mreturn[39;00m result

[36mFile [39m[32m~/.local/share/uv/python/cpython-3.12.13-macos-aarch64-none/lib/python3.12/urllib/request.py:1392[39m, in [36mHTTPSHandler.https_open[39m[34m(self, req)[39m
[32m   1391[39m [38;5;28;01mdef[39;00m[38;5;250m [39m[34mhttps_open[39m([38;5;28mself[39m, req):
[32m-> [39m[32m1392[39m     [38;5;28;01mreturn[39;00m [38;5;28;43mself[39;49m[43m.[49m[43mdo_open[49m[43m([49m[43mhttp[49m[43m.[49m[43mclient[49m[43m.[49m[43mHTTPSConnection[49m[43m,[49m[43m [49m[43mreq[49m[43m,[49m
[32m   1393[39m [43m                        [49m[43mcontext[49m[43m=[49m[38;5;28;43mself[39;49m[43m.[49m[43m_context[49m[43m)[49m

[36mFile [39m[32m~/.local/share/uv/python/cpython-3.12.13-macos-aarch64-none/lib/python3.12/urllib/request.py:1347[39m, in [36mAbstractHTTPHandler.do_open[39m[34m(self, http_class, req, **http_conn_args)[39m
[32m   1344[39m         h.request(req.get_method(), req.selector, req.data, headers,
[32m   1345[39m                   encode_chunked=req.has_header([33m'[39m[33mTransfer-encoding[39m[33m'[39m))
[32m   1346[39m     [38;5;28;01mexcept[39;00m [38;5;167;01mOSError[39;00m [38;5;28;01mas[39;00m err: [38;5;66;03m# timeout error[39;00m
[32m-> [39m[32m1347[39m         [38;5;28;01mraise[39;00m URLError(err)
[32m   1348[39m     r = h.getresponse()
[32m   1349[39m [38;5;28;01mexcept[39;00m:

[31mURLError[39m: <urlopen error [Errno 54] Connection reset by peer>

